
> vite_react_shadcn_ts@0.0.0 build
> vite build

[36mvite v5.4.19 [32mbuilding for production...[36m[39m
transforming...
node.exe : Browserslist: browsers data (caniuse-lite) is 10 months old. Please 
run:
At line:1 char:1
+ & "C:\Program Files\nodejs/node.exe" "C:\Program Files\nodejs/node_mo ...
+ ~~~~~~~~~~~~~~~~~~~~~~~~~~~~~~~~~~~~~~~~~~~~~~~~~~~~~~~~~~~~~~~~~~~~~
    + CategoryInfo          : NotSpecified: (Browserslist: b...ld. Please run::S 
   tring) [], RemoteException
    + FullyQualifiedErrorId : NativeCommandError
 
  npx update-browserslist-db@latest
  Why you should do it regularly: 
https://github.com/browserslist/update-db#readme
[32mΓ£ô[39m 1782 modules transformed.
[31mx[39m Build failed in 10.63s
[31merror during build:
[31m[vite:load-fallback] Could not load 
C:\Users\DELL\Downloads\Code\morocco-fitfuel-b64a2007\src/hooks/use-cart 
(imported by src/components/home/BuildYourStack.tsx): ENOENT: no such file or 
directory, open 
'C:\Users\DELL\Downloads\Code\morocco-fitfuel-b64a2007\src\hooks\use-cart'[31m
    at async open (node:internal/fs/promises:640:25)
    at async Object.readFile (node:internal/fs/promises:1283:14)
    at async Object.load (file:///C:/Users/DELL/Downloads/Code/morocco-fitfuel-b6
4a2007/node_modules/vite/dist/node/chunks/dep-C6uTJdX2.js:65341:25)
    at async PluginDriver.hookFirstAndGetPlugin (file:///C:/Users/DELL/Downloads/
Code/morocco-fitfuel-b64a2007/node_modules/rollup/dist/es/shared/node-entry.js:20
630:28)
    at async file:///C:/Users/DELL/Downloads/Code/morocco-fitfuel-b64a2007/node_m
odules/rollup/dist/es/shared/node-entry.js:19750:33
    at async Queue.work (file:///C:/Users/DELL/Downloads/Code/morocco-fitfuel-b64
a2007/node_modules/rollup/dist/es/shared/node-entry.js:20840:32)[39m
